// Jest Snapshot v1, https://goo.gl/fbAQLP

exports[`render test for ad service area test area 1`] = `
Object {
  "asFragment": [Function],
  "baseElement": <body>
    <div>
      <div>
        <div>
          <h1>
            Your brand deserves Best Advertising Services
          </h1>
          <div>
            <p>
              While there are big 4 for Consulting firms or big 4 Accounting firms there is just big 1 for Advertising and Marketing firms.
            </p>
          </div>
          <button>
            <h1
              class="text-white font-pops"
            >
              Get Callback 24X7 â†’
            </h1>
          </button>
          <p>
            Brands with turnover &gt; 12crore are eligible for Free
          </p>
        </div>
        <div>
          <div>
            <h1>
              Best Talent
            </h1>
            <p>
              We hire our Marketing Consultants only from top 3 IIMs
            </p>
            <div>
              <div
                style="display: inline-block; max-width: 100%; overflow: hidden; position: relative; box-sizing: border-box; margin: 0px;"
              >
                <div
                  style="box-sizing: border-box; display: block; max-width: 100%;"
                >
                  <img
                    alt=""
                    aria-hidden="true"
                    role="presentation"
                    src="data:image/svg+xml;base64,PHN2ZyB3aWR0aD0iODAiIGhlaWdodD0iODAiIHhtbG5zPSJodHRwOi8vd3d3LnczLm9yZy8yMDAwL3N2ZyIgdmVyc2lvbj0iMS4xIi8+"
                    style="max-width: 100%; display: block; margin: 0px; padding: 0px;"
                  />
                </div>
                <noscript />
                <img
                  alt="image"
                  decoding="async"
                  src="data:image/gif;base64,R0lGODlhAQABAIAAAAAAAP///yH5BAEAAAAALAAAAAABAAEAAAIBRAA7"
                  style="position: absolute; top: 0px; left: 0px; bottom: 0px; right: 0px; box-sizing: border-box; padding: 0px; margin: auto; display: block; width: 0px; height: 0px; min-width: 100%; max-width: 100%; min-height: 100%; max-height: 100%;"
                />
              </div>
            </div>
          </div>
          <div>
            <h1>
              Best Talent
            </h1>
            <div>
              <div
                style="display: inline-block; max-width: 100%; overflow: hidden; position: relative; box-sizing: border-box; margin: 0px;"
              >
                <div
                  style="box-sizing: border-box; display: block; max-width: 100%;"
                >
                  <img
                    alt=""
                    aria-hidden="true"
                    role="presentation"
                    src="data:image/svg+xml;base64,PHN2ZyB3aWR0aD0iODAiIGhlaWdodD0iODAiIHhtbG5zPSJodHRwOi8vd3d3LnczLm9yZy8yMDAwL3N2ZyIgdmVyc2lvbj0iMS4xIi8+"
                    style="max-width: 100%; display: block; margin: 0px; padding: 0px;"
                  />
                </div>
                <noscript />
                <img
                  alt="image"
                  decoding="async"
                  src="data:image/gif;base64,R0lGODlhAQABAIAAAAAAAP///yH5BAEAAAAALAAAAAABAAEAAAIBRAA7"
                  style="position: absolute; top: 0px; left: 0px; bottom: 0px; right: 0px; box-sizing: border-box; padding: 0px; margin: auto; display: block; width: 0px; height: 0px; min-width: 100%; max-width: 100%; min-height: 100%; max-height: 100%;"
                />
              </div>
            </div>
          </div>
          <div>
            <h1>
              Best Tools
            </h1>
            <p>
              We have integrations with premium tools from Zoom to Asana
            </p>
            <div>
              <div
                style="display: inline-block; max-width: 100%; overflow: hidden; position: relative; box-sizing: border-box; margin: 0px;"
              >
                <div
                  style="box-sizing: border-box; display: block; max-width: 100%;"
                >
                  <img
                    alt=""
                    aria-hidden="true"
                    role="presentation"
                    src="data:image/svg+xml;base64,PHN2ZyB3aWR0aD0iODAiIGhlaWdodD0iODAiIHhtbG5zPSJodHRwOi8vd3d3LnczLm9yZy8yMDAwL3N2ZyIgdmVyc2lvbj0iMS4xIi8+"
                    style="max-width: 100%; display: block; margin: 0px; padding: 0px;"
                  />
                </div>
                <noscript />
                <img
                  alt="image"
                  decoding="async"
                  src="data:image/gif;base64,R0lGODlhAQABAIAAAAAAAP///yH5BAEAAAAALAAAAAABAAEAAAIBRAA7"
                  style="position: absolute; top: 0px; left: 0px; bottom: 0px; right: 0px; box-sizing: border-box; padding: 0px; margin: auto; display: block; width: 0px; height: 0px; min-width: 100%; max-width: 100%; min-height: 100%; max-height: 100%;"
                />
              </div>
            </div>
          </div>
          <div>
            <h1>
              Best Tools
            </h1>
            <div>
              <div
                style="display: inline-block; max-width: 100%; overflow: hidden; position: relative; box-sizing: border-box; margin: 0px;"
              >
                <div
                  style="box-sizing: border-box; display: block; max-width: 100%;"
                >
                  <img
                    alt=""
                    aria-hidden="true"
                    role="presentation"
                    src="data:image/svg+xml;base64,PHN2ZyB3aWR0aD0iODAiIGhlaWdodD0iODAiIHhtbG5zPSJodHRwOi8vd3d3LnczLm9yZy8yMDAwL3N2ZyIgdmVyc2lvbj0iMS4xIi8+"
                    style="max-width: 100%; display: block; margin: 0px; padding: 0px;"
                  />
                </div>
                <noscript />
                <img
                  alt="image"
                  decoding="async"
                  src="data:image/gif;base64,R0lGODlhAQABAIAAAAAAAP///yH5BAEAAAAALAAAAAABAAEAAAIBRAA7"
                  style="position: absolute; top: 0px; left: 0px; bottom: 0px; right: 0px; box-sizing: border-box; padding: 0px; margin: auto; display: block; width: 0px; height: 0px; min-width: 100%; max-width: 100%; min-height: 100%; max-height: 100%;"
                />
              </div>
            </div>
          </div>
          <div>
            <h1>
              Best Support
            </h1>
            <p>
              We are the only Ad agency that has 24X7 Customer Care
            </p>
            <div>
              <div
                style="display: inline-block; max-width: 100%; overflow: hidden; position: relative; box-sizing: border-box; margin: 0px;"
              >
                <div
                  style="box-sizing: border-box; display: block; max-width: 100%;"
                >
                  <img
                    alt=""
                    aria-hidden="true"
                    role="presentation"
                    src="data:image/svg+xml;base64,PHN2ZyB3aWR0aD0iODAiIGhlaWdodD0iODAiIHhtbG5zPSJodHRwOi8vd3d3LnczLm9yZy8yMDAwL3N2ZyIgdmVyc2lvbj0iMS4xIi8+"
                    style="max-width: 100%; display: block; margin: 0px; padding: 0px;"
                  />
                </div>
                <noscript />
                <img
                  alt="image"
                  decoding="async"
                  src="data:image/gif;base64,R0lGODlhAQABAIAAAAAAAP///yH5BAEAAAAALAAAAAABAAEAAAIBRAA7"
                  style="position: absolute; top: 0px; left: 0px; bottom: 0px; right: 0px; box-sizing: border-box; padding: 0px; margin: auto; display: block; width: 0px; height: 0px; min-width: 100%; max-width: 100%; min-height: 100%; max-height: 100%;"
                />
              </div>
            </div>
          </div>
          <div>
            <h1>
              Best Support
            </h1>
            <div>
              <div
                style="display: inline-block; max-width: 100%; overflow: hidden; position: relative; box-sizing: border-box; margin: 0px;"
              >
                <div
                  style="box-sizing: border-box; display: block; max-width: 100%;"
                >
                  <img
                    alt=""
                    aria-hidden="true"
                    role="presentation"
                    src="data:image/svg+xml;base64,PHN2ZyB3aWR0aD0iODAiIGhlaWdodD0iODAiIHhtbG5zPSJodHRwOi8vd3d3LnczLm9yZy8yMDAwL3N2ZyIgdmVyc2lvbj0iMS4xIi8+"
                    style="max-width: 100%; display: block; margin: 0px; padding: 0px;"
                  />
                </div>
                <noscript />
                <img
                  alt="image"
                  decoding="async"
                  src="data:image/gif;base64,R0lGODlhAQABAIAAAAAAAP///yH5BAEAAAAALAAAAAABAAEAAAIBRAA7"
                  style="position: absolute; top: 0px; left: 0px; bottom: 0px; right: 0px; box-sizing: border-box; padding: 0px; margin: auto; display: block; width: 0px; height: 0px; min-width: 100%; max-width: 100%; min-height: 100%; max-height: 100%;"
                />
              </div>
            </div>
          </div>
          <div>
            <h1>
              Best Experience
            </h1>
            <p>
              We are the only Ad Agency providing complimentary Web platform & App
            </p>
            <div>
              <div
                style="display: inline-block; max-width: 100%; overflow: hidden; position: relative; box-sizing: border-box; margin: 0px;"
              >
                <div
                  style="box-sizing: border-box; display: block; max-width: 100%;"
                >
                  <img
                    alt=""
                    aria-hidden="true"
                    role="presentation"
                    src="data:image/svg+xml;base64,PHN2ZyB3aWR0aD0iODAiIGhlaWdodD0iODAiIHhtbG5zPSJodHRwOi8vd3d3LnczLm9yZy8yMDAwL3N2ZyIgdmVyc2lvbj0iMS4xIi8+"
                    style="max-width: 100%; display: block; margin: 0px; padding: 0px;"
                  />
                </div>
                <noscript />
                <img
                  alt="image"
                  decoding="async"
                  src="data:image/gif;base64,R0lGODlhAQABAIAAAAAAAP///yH5BAEAAAAALAAAAAABAAEAAAIBRAA7"
                  style="position: absolute; top: 0px; left: 0px; bottom: 0px; right: 0px; box-sizing: border-box; padding: 0px; margin: auto; display: block; width: 0px; height: 0px; min-width: 100%; max-width: 100%; min-height: 100%; max-height: 100%;"
                />
              </div>
            </div>
          </div>
          <div>
            <h1>
              Best Experience
            </h1>
            <div>
              <div
                style="display: inline-block; max-width: 100%; overflow: hidden; position: relative; box-sizing: border-box; margin: 0px;"
              >
                <div
                  style="box-sizing: border-box; display: block; max-width: 100%;"
                >
                  <img
                    alt=""
                    aria-hidden="true"
                    role="presentation"
                    src="data:image/svg+xml;base64,PHN2ZyB3aWR0aD0iODAiIGhlaWdodD0iODAiIHhtbG5zPSJodHRwOi8vd3d3LnczLm9yZy8yMDAwL3N2ZyIgdmVyc2lvbj0iMS4xIi8+"
                    style="max-width: 100%; display: block; margin: 0px; padding: 0px;"
                  />
                </div>
                <noscript />
                <img
                  alt="image"
                  decoding="async"
                  src="data:image/gif;base64,R0lGODlhAQABAIAAAAAAAP///yH5BAEAAAAALAAAAAABAAEAAAIBRAA7"
                  style="position: absolute; top: 0px; left: 0px; bottom: 0px; right: 0px; box-sizing: border-box; padding: 0px; margin: auto; display: block; width: 0px; height: 0px; min-width: 100%; max-width: 100%; min-height: 100%; max-height: 100%;"
                />
              </div>
            </div>
          </div>
        </div>
      </div>
    </div>
  </body>,
  "container": <div>
    <div>
      <div>
        <h1>
          Your brand deserves Best Advertising Services
        </h1>
        <div>
          <p>
            While there are big 4 for Consulting firms or big 4 Accounting firms there is just big 1 for Advertising and Marketing firms.
          </p>
        </div>
        <button>
          <h1
            class="text-white font-pops"
          >
            Get Callback 24X7 â†’
          </h1>
        </button>
        <p>
          Brands with turnover &gt; 12crore are eligible for Free
        </p>
      </div>
      <div>
        <div>
          <h1>
            Best Talent
          </h1>
          <p>
            We hire our Marketing Consultants only from top 3 IIMs
          </p>
          <div>
            <div
              style="display: inline-block; max-width: 100%; overflow: hidden; position: relative; box-sizing: border-box; margin: 0px;"
            >
              <div
                style="box-sizing: border-box; display: block; max-width: 100%;"
              >
                <img
                  alt=""
                  aria-hidden="true"
                  role="presentation"
                  src="data:image/svg+xml;base64,PHN2ZyB3aWR0aD0iODAiIGhlaWdodD0iODAiIHhtbG5zPSJodHRwOi8vd3d3LnczLm9yZy8yMDAwL3N2ZyIgdmVyc2lvbj0iMS4xIi8+"
                  style="max-width: 100%; display: block; margin: 0px; padding: 0px;"
                />
              </div>
              <noscript />
              <img
                alt="image"
                decoding="async"
                src="data:image/gif;base64,R0lGODlhAQABAIAAAAAAAP///yH5BAEAAAAALAAAAAABAAEAAAIBRAA7"
                style="position: absolute; top: 0px; left: 0px; bottom: 0px; right: 0px; box-sizing: border-box; padding: 0px; margin: auto; display: block; width: 0px; height: 0px; min-width: 100%; max-width: 100%; min-height: 100%; max-height: 100%;"
              />
            </div>
          </div>
        </div>
        <div>
          <h1>
            Best Talent
          </h1>
          <div>
            <div
              style="display: inline-block; max-width: 100%; overflow: hidden; position: relative; box-sizing: border-box; margin: 0px;"
            >
              <div
                style="box-sizing: border-box; display: block; max-width: 100%;"
              >
                <img
                  alt=""
                  aria-hidden="true"
                  role="presentation"
                  src="data:image/svg+xml;base64,PHN2ZyB3aWR0aD0iODAiIGhlaWdodD0iODAiIHhtbG5zPSJodHRwOi8vd3d3LnczLm9yZy8yMDAwL3N2ZyIgdmVyc2lvbj0iMS4xIi8+"
                  style="max-width: 100%; display: block; margin: 0px; padding: 0px;"
                />
              </div>
              <noscript />
              <img
                alt="image"
                decoding="async"
                src="data:image/gif;base64,R0lGODlhAQABAIAAAAAAAP///yH5BAEAAAAALAAAAAABAAEAAAIBRAA7"
                style="position: absolute; top: 0px; left: 0px; bottom: 0px; right: 0px; box-sizing: border-box; padding: 0px; margin: auto; display: block; width: 0px; height: 0px; min-width: 100%; max-width: 100%; min-height: 100%; max-height: 100%;"
              />
            </div>
          </div>
        </div>
        <div>
          <h1>
            Best Tools
          </h1>
          <p>
            We have integrations with premium tools from Zoom to Asana
          </p>
          <div>
            <div
              style="display: inline-block; max-width: 100%; overflow: hidden; position: relative; box-sizing: border-box; margin: 0px;"
            >
              <div
                style="box-sizing: border-box; display: block; max-width: 100%;"
              >
                <img
                  alt=""
                  aria-hidden="true"
                  role="presentation"
                  src="data:image/svg+xml;base64,PHN2ZyB3aWR0aD0iODAiIGhlaWdodD0iODAiIHhtbG5zPSJodHRwOi8vd3d3LnczLm9yZy8yMDAwL3N2ZyIgdmVyc2lvbj0iMS4xIi8+"
                  style="max-width: 100%; display: block; margin: 0px; padding: 0px;"
                />
              </div>
              <noscript />
              <img
                alt="image"
                decoding="async"
                src="data:image/gif;base64,R0lGODlhAQABAIAAAAAAAP///yH5BAEAAAAALAAAAAABAAEAAAIBRAA7"
                style="position: absolute; top: 0px; left: 0px; bottom: 0px; right: 0px; box-sizing: border-box; padding: 0px; margin: auto; display: block; width: 0px; height: 0px; min-width: 100%; max-width: 100%; min-height: 100%; max-height: 100%;"
              />
            </div>
          </div>
        </div>
        <div>
          <h1>
            Best Tools
          </h1>
          <div>
            <div
              style="display: inline-block; max-width: 100%; overflow: hidden; position: relative; box-sizing: border-box; margin: 0px;"
            >
              <div
                style="box-sizing: border-box; display: block; max-width: 100%;"
              >
                <img
                  alt=""
                  aria-hidden="true"
                  role="presentation"
                  src="data:image/svg+xml;base64,PHN2ZyB3aWR0aD0iODAiIGhlaWdodD0iODAiIHhtbG5zPSJodHRwOi8vd3d3LnczLm9yZy8yMDAwL3N2ZyIgdmVyc2lvbj0iMS4xIi8+"
                  style="max-width: 100%; display: block; margin: 0px; padding: 0px;"
                />
              </div>
              <noscript />
              <img
                alt="image"
                decoding="async"
                src="data:image/gif;base64,R0lGODlhAQABAIAAAAAAAP///yH5BAEAAAAALAAAAAABAAEAAAIBRAA7"
                style="position: absolute; top: 0px; left: 0px; bottom: 0px; right: 0px; box-sizing: border-box; padding: 0px; margin: auto; display: block; width: 0px; height: 0px; min-width: 100%; max-width: 100%; min-height: 100%; max-height: 100%;"
              />
            </div>
          </div>
        </div>
        <div>
          <h1>
            Best Support
          </h1>
          <p>
            We are the only Ad agency that has 24X7 Customer Care
          </p>
          <div>
            <div
              style="display: inline-block; max-width: 100%; overflow: hidden; position: relative; box-sizing: border-box; margin: 0px;"
            >
              <div
                style="box-sizing: border-box; display: block; max-width: 100%;"
              >
                <img
                  alt=""
                  aria-hidden="true"
                  role="presentation"
                  src="data:image/svg+xml;base64,PHN2ZyB3aWR0aD0iODAiIGhlaWdodD0iODAiIHhtbG5zPSJodHRwOi8vd3d3LnczLm9yZy8yMDAwL3N2ZyIgdmVyc2lvbj0iMS4xIi8+"
                  style="max-width: 100%; display: block; margin: 0px; padding: 0px;"
                />
              </div>
              <noscript />
              <img
                alt="image"
                decoding="async"
                src="data:image/gif;base64,R0lGODlhAQABAIAAAAAAAP///yH5BAEAAAAALAAAAAABAAEAAAIBRAA7"
                style="position: absolute; top: 0px; left: 0px; bottom: 0px; right: 0px; box-sizing: border-box; padding: 0px; margin: auto; display: block; width: 0px; height: 0px; min-width: 100%; max-width: 100%; min-height: 100%; max-height: 100%;"
              />
            </div>
          </div>
        </div>
        <div>
          <h1>
            Best Support
          </h1>
          <div>
            <div
              style="display: inline-block; max-width: 100%; overflow: hidden; position: relative; box-sizing: border-box; margin: 0px;"
            >
              <div
                style="box-sizing: border-box; display: block; max-width: 100%;"
              >
                <img
                  alt=""
                  aria-hidden="true"
                  role="presentation"
                  src="data:image/svg+xml;base64,PHN2ZyB3aWR0aD0iODAiIGhlaWdodD0iODAiIHhtbG5zPSJodHRwOi8vd3d3LnczLm9yZy8yMDAwL3N2ZyIgdmVyc2lvbj0iMS4xIi8+"
                  style="max-width: 100%; display: block; margin: 0px; padding: 0px;"
                />
              </div>
              <noscript />
              <img
                alt="image"
                decoding="async"
                src="data:image/gif;base64,R0lGODlhAQABAIAAAAAAAP///yH5BAEAAAAALAAAAAABAAEAAAIBRAA7"
                style="position: absolute; top: 0px; left: 0px; bottom: 0px; right: 0px; box-sizing: border-box; padding: 0px; margin: auto; display: block; width: 0px; height: 0px; min-width: 100%; max-width: 100%; min-height: 100%; max-height: 100%;"
              />
            </div>
          </div>
        </div>
        <div>
          <h1>
            Best Experience
          </h1>
          <p>
            We are the only Ad Agency providing complimentary Web platform & App
          </p>
          <div>
            <div
              style="display: inline-block; max-width: 100%; overflow: hidden; position: relative; box-sizing: border-box; margin: 0px;"
            >
              <div
                style="box-sizing: border-box; display: block; max-width: 100%;"
              >
                <img
                  alt=""
                  aria-hidden="true"
                  role="presentation"
                  src="data:image/svg+xml;base64,PHN2ZyB3aWR0aD0iODAiIGhlaWdodD0iODAiIHhtbG5zPSJodHRwOi8vd3d3LnczLm9yZy8yMDAwL3N2ZyIgdmVyc2lvbj0iMS4xIi8+"
                  style="max-width: 100%; display: block; margin: 0px; padding: 0px;"
                />
              </div>
              <noscript />
              <img
                alt="image"
                decoding="async"
                src="data:image/gif;base64,R0lGODlhAQABAIAAAAAAAP///yH5BAEAAAAALAAAAAABAAEAAAIBRAA7"
                style="position: absolute; top: 0px; left: 0px; bottom: 0px; right: 0px; box-sizing: border-box; padding: 0px; margin: auto; display: block; width: 0px; height: 0px; min-width: 100%; max-width: 100%; min-height: 100%; max-height: 100%;"
              />
            </div>
          </div>
        </div>
        <div>
          <h1>
            Best Experience
          </h1>
          <div>
            <div
              style="display: inline-block; max-width: 100%; overflow: hidden; position: relative; box-sizing: border-box; margin: 0px;"
            >
              <div
                style="box-sizing: border-box; display: block; max-width: 100%;"
              >
                <img
                  alt=""
                  aria-hidden="true"
                  role="presentation"
                  src="data:image/svg+xml;base64,PHN2ZyB3aWR0aD0iODAiIGhlaWdodD0iODAiIHhtbG5zPSJodHRwOi8vd3d3LnczLm9yZy8yMDAwL3N2ZyIgdmVyc2lvbj0iMS4xIi8+"
                  style="max-width: 100%; display: block; margin: 0px; padding: 0px;"
                />
              </div>
              <noscript />
              <img
                alt="image"
                decoding="async"
                src="data:image/gif;base64,R0lGODlhAQABAIAAAAAAAP///yH5BAEAAAAALAAAAAABAAEAAAIBRAA7"
                style="position: absolute; top: 0px; left: 0px; bottom: 0px; right: 0px; box-sizing: border-box; padding: 0px; margin: auto; display: block; width: 0px; height: 0px; min-width: 100%; max-width: 100%; min-height: 100%; max-height: 100%;"
              />
            </div>
          </div>
        </div>
      </div>
    </div>
  </div>,
  "debug": [Function],
  "findAllByAltText": [Function],
  "findAllByDisplayValue": [Function],
  "findAllByLabelText": [Function],
  "findAllByPlaceholderText": [Function],
  "findAllByRole": [Function],
  "findAllByTestId": [Function],
  "findAllByText": [Function],
  "findAllByTitle": [Function],
  "findByAltText": [Function],
  "findByDisplayValue": [Function],
  "findByLabelText": [Function],
  "findByPlaceholderText": [Function],
  "findByRole": [Function],
  "findByTestId": [Function],
  "findByText": [Function],
  "findByTitle": [Function],
  "getAllByAltText": [Function],
  "getAllByDisplayValue": [Function],
  "getAllByLabelText": [Function],
  "getAllByPlaceholderText": [Function],
  "getAllByRole": [Function],
  "getAllByTestId": [Function],
  "getAllByText": [Function],
  "getAllByTitle": [Function],
  "getByAltText": [Function],
  "getByDisplayValue": [Function],
  "getByLabelText": [Function],
  "getByPlaceholderText": [Function],
  "getByRole": [Function],
  "getByTestId": [Function],
  "getByText": [Function],
  "getByTitle": [Function],
  "queryAllByAltText": [Function],
  "queryAllByDisplayValue": [Function],
  "queryAllByLabelText": [Function],
  "queryAllByPlaceholderText": [Function],
  "queryAllByRole": [Function],
  "queryAllByTestId": [Function],
  "queryAllByText": [Function],
  "queryAllByTitle": [Function],
  "queryByAltText": [Function],
  "queryByDisplayValue": [Function],
  "queryByLabelText": [Function],
  "queryByPlaceholderText": [Function],
  "queryByRole": [Function],
  "queryByTestId": [Function],
  "queryByText": [Function],
  "queryByTitle": [Function],
  "rerender": [Function],
  "unmount": [Function],
}
`;
