// Jest Snapshot v1, https://goo.gl/fbAQLP

exports[`render test initial test for enquiry form 1`] = `
Object {
  "asFragment": [Function],
  "baseElement": <body>
    <div>
      <div>
        <div>
          <button
            style="color: rgb(228, 6, 120); border-bottom-width: 2px; border-bottom-color: #E40678;"
          >
            <h1>
              Enquiry
            </h1>
          </button>
          <button
            style="color: rgb(131, 159, 192); border-bottom-width: 0; border-bottom-color: #839FC0;"
          >
            <h1>
              Refer a Brand
            </h1>
          </button>
        </div>
        <div>
          <form
            action=""
          >
            <div>
              <div>
                <div>
                  <h1>
                    Full Name
                  </h1>
                  <input
                    placeholder="Enter Full Name"
                    type="text"
                  />
                </div>
                <div>
                  <h1>
                    Email
                  </h1>
                  <input
                    placeholder="Enter Email"
                    type="text"
                  />
                </div>
              </div>
              <div>
                <div>
                  <h1>
                    Mobile Number
                  </h1>
                  <input
                    placeholder="Enter Mobile Number"
                    type="text"
                  />
                </div>
                <div>
                  <h1>
                    Alternate Number
                  </h1>
                  <input
                    placeholder="Enter Alternate Number"
                    type="text"
                  />
                </div>
              </div>
              <div>
                <div>
                  <h1>
                    Current City
                  </h1>
                  <input
                    placeholder="Enter Current City"
                    type="text"
                  />
                </div>
                <div>
                  <h1>
                    Franchisee City
                  </h1>
                  <input
                    id=""
                    name=""
                    placeholder="Enter Franchisee City"
                    type="text"
                  />
                </div>
              </div>
            </div>
            <div>
              <button>
                <h2>
                  Enquire
                </h2>
                <div
                  style="display: inline-block; max-width: 100%; overflow: hidden; position: relative; box-sizing: border-box; margin: 0px;"
                >
                  <div
                    style="box-sizing: border-box; display: block; max-width: 100%;"
                  >
                    <img
                      alt=""
                      aria-hidden="true"
                      role="presentation"
                      src="data:image/svg+xml;base64,PHN2ZyB3aWR0aD0iMTUiIGhlaWdodD0iMTUiIHhtbG5zPSJodHRwOi8vd3d3LnczLm9yZy8yMDAwL3N2ZyIgdmVyc2lvbj0iMS4xIi8+"
                      style="max-width: 100%; display: block; margin: 0px; padding: 0px;"
                    />
                  </div>
                  <noscript />
                  <img
                    alt="enquire"
                    class="object-cover"
                    decoding="async"
                    src="data:image/gif;base64,R0lGODlhAQABAIAAAAAAAP///yH5BAEAAAAALAAAAAABAAEAAAIBRAA7"
                    style="position: absolute; top: 0px; left: 0px; bottom: 0px; right: 0px; box-sizing: border-box; padding: 0px; margin: auto; display: block; width: 0px; height: 0px; min-width: 100%; max-width: 100%; min-height: 100%; max-height: 100%;"
                  />
                </div>
              </button>
            </div>
          </form>
        </div>
      </div>
    </div>
  </body>,
  "container": <div>
    <div>
      <div>
        <button
          style="color: rgb(228, 6, 120); border-bottom-width: 2px; border-bottom-color: #E40678;"
        >
          <h1>
            Enquiry
          </h1>
        </button>
        <button
          style="color: rgb(131, 159, 192); border-bottom-width: 0; border-bottom-color: #839FC0;"
        >
          <h1>
            Refer a Brand
          </h1>
        </button>
      </div>
      <div>
        <form
          action=""
        >
          <div>
            <div>
              <div>
                <h1>
                  Full Name
                </h1>
                <input
                  placeholder="Enter Full Name"
                  type="text"
                />
              </div>
              <div>
                <h1>
                  Email
                </h1>
                <input
                  placeholder="Enter Email"
                  type="text"
                />
              </div>
            </div>
            <div>
              <div>
                <h1>
                  Mobile Number
                </h1>
                <input
                  placeholder="Enter Mobile Number"
                  type="text"
                />
              </div>
              <div>
                <h1>
                  Alternate Number
                </h1>
                <input
                  placeholder="Enter Alternate Number"
                  type="text"
                />
              </div>
            </div>
            <div>
              <div>
                <h1>
                  Current City
                </h1>
                <input
                  placeholder="Enter Current City"
                  type="text"
                />
              </div>
              <div>
                <h1>
                  Franchisee City
                </h1>
                <input
                  id=""
                  name=""
                  placeholder="Enter Franchisee City"
                  type="text"
                />
              </div>
            </div>
          </div>
          <div>
            <button>
              <h2>
                Enquire
              </h2>
              <div
                style="display: inline-block; max-width: 100%; overflow: hidden; position: relative; box-sizing: border-box; margin: 0px;"
              >
                <div
                  style="box-sizing: border-box; display: block; max-width: 100%;"
                >
                  <img
                    alt=""
                    aria-hidden="true"
                    role="presentation"
                    src="data:image/svg+xml;base64,PHN2ZyB3aWR0aD0iMTUiIGhlaWdodD0iMTUiIHhtbG5zPSJodHRwOi8vd3d3LnczLm9yZy8yMDAwL3N2ZyIgdmVyc2lvbj0iMS4xIi8+"
                    style="max-width: 100%; display: block; margin: 0px; padding: 0px;"
                  />
                </div>
                <noscript />
                <img
                  alt="enquire"
                  class="object-cover"
                  decoding="async"
                  src="data:image/gif;base64,R0lGODlhAQABAIAAAAAAAP///yH5BAEAAAAALAAAAAABAAEAAAIBRAA7"
                  style="position: absolute; top: 0px; left: 0px; bottom: 0px; right: 0px; box-sizing: border-box; padding: 0px; margin: auto; display: block; width: 0px; height: 0px; min-width: 100%; max-width: 100%; min-height: 100%; max-height: 100%;"
                />
              </div>
            </button>
          </div>
        </form>
      </div>
    </div>
  </div>,
  "debug": [Function],
  "findAllByAltText": [Function],
  "findAllByDisplayValue": [Function],
  "findAllByLabelText": [Function],
  "findAllByPlaceholderText": [Function],
  "findAllByRole": [Function],
  "findAllByTestId": [Function],
  "findAllByText": [Function],
  "findAllByTitle": [Function],
  "findByAltText": [Function],
  "findByDisplayValue": [Function],
  "findByLabelText": [Function],
  "findByPlaceholderText": [Function],
  "findByRole": [Function],
  "findByTestId": [Function],
  "findByText": [Function],
  "findByTitle": [Function],
  "getAllByAltText": [Function],
  "getAllByDisplayValue": [Function],
  "getAllByLabelText": [Function],
  "getAllByPlaceholderText": [Function],
  "getAllByRole": [Function],
  "getAllByTestId": [Function],
  "getAllByText": [Function],
  "getAllByTitle": [Function],
  "getByAltText": [Function],
  "getByDisplayValue": [Function],
  "getByLabelText": [Function],
  "getByPlaceholderText": [Function],
  "getByRole": [Function],
  "getByTestId": [Function],
  "getByText": [Function],
  "getByTitle": [Function],
  "queryAllByAltText": [Function],
  "queryAllByDisplayValue": [Function],
  "queryAllByLabelText": [Function],
  "queryAllByPlaceholderText": [Function],
  "queryAllByRole": [Function],
  "queryAllByTestId": [Function],
  "queryAllByText": [Function],
  "queryAllByTitle": [Function],
  "queryByAltText": [Function],
  "queryByDisplayValue": [Function],
  "queryByLabelText": [Function],
  "queryByPlaceholderText": [Function],
  "queryByRole": [Function],
  "queryByTestId": [Function],
  "queryByText": [Function],
  "queryByTitle": [Function],
  "rerender": [Function],
  "unmount": [Function],
}
`;
